// Jest Snapshot v1, https://goo.gl/fbAQLP

exports[`Shows the children of Other Button 1`] = `
<div
  className="css-text-901oao r-backgroundcolor-y5gxn7 r-color-jwli3a"
  dir="auto"
>
  Other Button
</div>
`;
